###############################################################################
#
# IAR ELF Linker V9.50.1.380/W64 for ARM                  17/Aug/2025  20:27:58
# Copyright 2007-2023 IAR Systems AB.
#
#    Output file  =
#        C:\Users\user\Documents\freq_multiplyer_GAZ\EWARM\freq_multiplyer_GAZ\Exe\freq_multiplyer_GAZ.out
#    Map file     =
#        C:\Users\user\Documents\freq_multiplyer_GAZ\EWARM\freq_multiplyer_GAZ\List\freq_multiplyer_GAZ.map
#    Command line =
#        -f
#        C:\Users\user\Documents\freq_multiplyer_GAZ\EWARM\freq_multiplyer_GAZ\Exe\freq_multiplyer_GAZ.out.rsp
#        (C:\Users\user\Documents\freq_multiplyer_GAZ\EWARM\freq_multiplyer_GAZ\Obj\Core_13247989168731456611.dir\gpio.o
#        C:\Users\user\Documents\freq_multiplyer_GAZ\EWARM\freq_multiplyer_GAZ\Obj\Core_13247989168731456611.dir\main.o
#        C:\Users\user\Documents\freq_multiplyer_GAZ\EWARM\freq_multiplyer_GAZ\Obj\EWARM_18443280873093131863.dir\startup_stm32f103x6.o
#        C:\Users\user\Documents\freq_multiplyer_GAZ\EWARM\freq_multiplyer_GAZ\Obj\STM32F1xx_HAL_Driver_9701002599162248031.dir\stm32f1xx_hal.o
#        C:\Users\user\Documents\freq_multiplyer_GAZ\EWARM\freq_multiplyer_GAZ\Obj\STM32F1xx_HAL_Driver_9701002599162248031.dir\stm32f1xx_hal_cortex.o
#        C:\Users\user\Documents\freq_multiplyer_GAZ\EWARM\freq_multiplyer_GAZ\Obj\STM32F1xx_HAL_Driver_9701002599162248031.dir\stm32f1xx_hal_dma.o
#        C:\Users\user\Documents\freq_multiplyer_GAZ\EWARM\freq_multiplyer_GAZ\Obj\STM32F1xx_HAL_Driver_9701002599162248031.dir\stm32f1xx_hal_exti.o
#        C:\Users\user\Documents\freq_multiplyer_GAZ\EWARM\freq_multiplyer_GAZ\Obj\STM32F1xx_HAL_Driver_9701002599162248031.dir\stm32f1xx_hal_flash.o
#        C:\Users\user\Documents\freq_multiplyer_GAZ\EWARM\freq_multiplyer_GAZ\Obj\STM32F1xx_HAL_Driver_9701002599162248031.dir\stm32f1xx_hal_flash_ex.o
#        C:\Users\user\Documents\freq_multiplyer_GAZ\EWARM\freq_multiplyer_GAZ\Obj\STM32F1xx_HAL_Driver_9701002599162248031.dir\stm32f1xx_hal_gpio.o
#        C:\Users\user\Documents\freq_multiplyer_GAZ\EWARM\freq_multiplyer_GAZ\Obj\STM32F1xx_HAL_Driver_9701002599162248031.dir\stm32f1xx_hal_gpio_ex.o
#        C:\Users\user\Documents\freq_multiplyer_GAZ\EWARM\freq_multiplyer_GAZ\Obj\Core_13247989168731456611.dir\stm32f1xx_hal_msp.o
#        C:\Users\user\Documents\freq_multiplyer_GAZ\EWARM\freq_multiplyer_GAZ\Obj\STM32F1xx_HAL_Driver_9701002599162248031.dir\stm32f1xx_hal_pwr.o
#        C:\Users\user\Documents\freq_multiplyer_GAZ\EWARM\freq_multiplyer_GAZ\Obj\STM32F1xx_HAL_Driver_9701002599162248031.dir\stm32f1xx_hal_rcc.o
#        C:\Users\user\Documents\freq_multiplyer_GAZ\EWARM\freq_multiplyer_GAZ\Obj\STM32F1xx_HAL_Driver_9701002599162248031.dir\stm32f1xx_hal_rcc_ex.o
#        C:\Users\user\Documents\freq_multiplyer_GAZ\EWARM\freq_multiplyer_GAZ\Obj\STM32F1xx_HAL_Driver_9701002599162248031.dir\stm32f1xx_hal_tim.o
#        C:\Users\user\Documents\freq_multiplyer_GAZ\EWARM\freq_multiplyer_GAZ\Obj\STM32F1xx_HAL_Driver_9701002599162248031.dir\stm32f1xx_hal_tim_ex.o
#        C:\Users\user\Documents\freq_multiplyer_GAZ\EWARM\freq_multiplyer_GAZ\Obj\Core_13247989168731456611.dir\stm32f1xx_it.o
#        C:\Users\user\Documents\freq_multiplyer_GAZ\EWARM\freq_multiplyer_GAZ\Obj\CMSIS_6603591812247902717.dir\system_stm32f1xx.o
#        C:\Users\user\Documents\freq_multiplyer_GAZ\EWARM\freq_multiplyer_GAZ\Obj\Core_13247989168731456611.dir\tim.o
#        --no_out_extension -o
#        C:\Users\user\Documents\freq_multiplyer_GAZ\EWARM\freq_multiplyer_GAZ\Exe\freq_multiplyer_GAZ.out
#        --redirect _Printf=_PrintfFullNoMb --redirect _Scanf=_ScanfFullNoMb
#        --map
#        C:\Users\user\Documents\freq_multiplyer_GAZ\EWARM\freq_multiplyer_GAZ\List\freq_multiplyer_GAZ.map
#        --config
#        C:\Users\user\Documents\freq_multiplyer_GAZ\EWARM/stm32f103x6_flash.icf
#        --semihosting --entry __iar_program_start --vfe --text_out locale
#        --cpu=Cortex-M3 --fpu=None) --dependencies=n
#        C:\Users\user\Documents\freq_multiplyer_GAZ\EWARM\freq_multiplyer_GAZ\Exe\freq_multiplyer_GAZ.out.iar_deps
#
###############################################################################

*******************************************************************************
*** RUNTIME MODEL ATTRIBUTES
***

CppFlavor       = *
__CPP_Runtime   = 1
__SystemLibrary = DLib
__dlib_version  = 6


*******************************************************************************
*** HEAP SELECTION
***

The basic heap was selected because --advanced_heap
was not specified and the application did not appear to
be primarily optimized for speed.


*******************************************************************************
*** PLACEMENT SUMMARY
***

"A0":  place at address 0x800'0000 { ro section .intvec };
"P1":  place in [from 0x800'0000 to 0x800'7fff] { ro };
define block CSTACK with size = 1K, alignment = 8 { };
define block HEAP with size = 512, alignment = 8 { };
"P2":  place in [from 0x2000'0000 to 0x2000'27ff] {
          rw, block CSTACK, block HEAP };
initialize by copy { rw };

  Section            Kind         Address  Aligment    Size  Object
  -------            ----         -------  --------    ----  ------
"A0":                                                  0xec
  .intvec            ro code   0x800'0000         4    0xec  startup_stm32f103x6.o [3]
                             - 0x800'00ec              0xec

"P1":                                                0x16f0
  .text              ro code   0x800'00ec         4   0x65a  stm32f1xx_hal_tim.o [4]
  .text              ro code   0x800'0746         2    0x2a  copy_init3.o [7]
  .text              ro code   0x800'0770         4   0x180  tim.o [2]
  .text              ro code   0x800'08f0         2     0x2  stm32f1xx_hal_tim.o [4]
  .text              ro code   0x800'08f2         2     0x2  stm32f1xx_hal_tim.o [4]
  .text              ro code   0x800'08f4         2     0x2  stm32f1xx_hal_tim.o [4]
  .text              ro code   0x800'08f6         2     0x2  stm32f1xx_hal_tim_ex.o [4]
  .text              ro code   0x800'08f8         2     0x2  stm32f1xx_hal_tim.o [4]
  .text              ro code   0x800'08fa         2     0x2  stm32f1xx_hal_tim_ex.o [4]
  .text              ro code   0x800'08fc         2     0x2  stm32f1xx_hal_tim.o [4]
  .text              ro code   0x800'0900         4    0x12  ABImemset_small.o [7]
  .text              ro code   0x800'0914         4    0xfa  main.o [2]
  .text              ro code   0x800'0a10         4    0x58  stm32f1xx_hal_tim_ex.o [4]
  .text              ro code   0x800'0a68         4    0xbc  stm32f1xx_hal_cortex.o [4]
  .text              ro code   0x800'0b24         4   0x1f8  stm32f1xx_hal_gpio.o [4]
  .text              ro code   0x800'0d1c         4    0x24  stm32f1xx_hal.o [4]
  .text              ro code   0x800'0d40         4    0xb8  gpio.o [2]
  .text              ro code   0x800'0df8         4    0x1c  U32ToDbl.o [6]
  .text              ro code   0x800'0e14         4   0x246  DblDiv.o [6]
  .text              ro code   0x800'105c         4    0x36  DblToS32.o [6]
  .text              ro code   0x800'1094         4    0x28  stm32f1xx_hal.o [4]
  .text              ro code   0x800'10bc         4   0x48e  stm32f1xx_hal_rcc.o [4]
  .text              ro code   0x800'154a         2     0x2  stm32f1xx_hal_gpio.o [4]
  .text              ro code   0x800'154c         4    0x40  stm32f1xx_hal.o [4]
  .text              ro code   0x800'158c         4    0x40  stm32f1xx_hal_msp.o [2]
  .text              ro code   0x800'15cc         4     0xc  stm32f1xx_hal.o [4]
  .text              ro code   0x800'15d8         4    0x40  stm32f1xx_it.o [2]
  .text              ro code   0x800'1618         4    0x10  stm32f1xx_hal.o [4]
  .text              ro code   0x800'1628         2    0x38  zero_init3.o [7]
  .text              ro code   0x800'1660         4    0x2a  data_init.o [7]
  .iar.init_table    const     0x800'168c         4    0x24  - Linker created -
  .text              ro code   0x800'16b0         4    0x1e  cmain.o [7]
  .text              ro code   0x800'16ce         2     0x4  low_level_init.o [5]
  .text              ro code   0x800'16d2         2     0x4  exit.o [5]
  .text              ro code   0x800'16d8         4     0xa  cexit.o [7]
  .text              ro code   0x800'16e4         4    0x14  exit.o [8]
  .text              ro code   0x800'16f8         4    0x1c  cstartup_M.o [7]
  .text              ro code   0x800'1714         4    0x14  system_stm32f1xx.o [1]
  Initializer bytes  const     0x800'1728         4    0x14  <for P2-1>
  .text              ro code   0x800'173c         4    0x10  startup_stm32f103x6.o [3]
  .text              ro code   0x800'174c         2     0x4  startup_stm32f103x6.o [3]
  .text              ro code   0x800'1750         2     0x4  startup_stm32f103x6.o [3]
  .text              ro code   0x800'1754         2     0x4  startup_stm32f103x6.o [3]
  .text              ro code   0x800'1758         2     0x4  startup_stm32f103x6.o [3]
  .text              ro code   0x800'175c         2     0x4  startup_stm32f103x6.o [3]
  .text              ro code   0x800'1760         2     0x4  startup_stm32f103x6.o [3]
  .text              ro code   0x800'1764         2     0x4  startup_stm32f103x6.o [3]
  .text              ro code   0x800'1768         2     0x4  startup_stm32f103x6.o [3]
  .text              ro code   0x800'176c         2     0x4  startup_stm32f103x6.o [3]
  .text              ro code   0x800'1770         2     0x4  startup_stm32f103x6.o [3]
  .text              ro code   0x800'1774         2     0x4  startup_stm32f103x6.o [3]
  .text              ro code   0x800'1778         2     0x4  startup_stm32f103x6.o [3]
  .text              ro code   0x800'177c         2     0x4  startup_stm32f103x6.o [3]
  .text              ro code   0x800'1780         2     0x4  startup_stm32f103x6.o [3]
  .text              ro code   0x800'1784         2     0x4  startup_stm32f103x6.o [3]
  .text              ro code   0x800'1788         2     0x4  startup_stm32f103x6.o [3]
  .text              ro code   0x800'178c         2     0x4  startup_stm32f103x6.o [3]
  .text              ro code   0x800'1790         2     0x4  startup_stm32f103x6.o [3]
  .text              ro code   0x800'1794         2     0x4  startup_stm32f103x6.o [3]
  .text              ro code   0x800'1798         2     0x4  startup_stm32f103x6.o [3]
  .text              ro code   0x800'179c         2     0x4  startup_stm32f103x6.o [3]
  .text              ro code   0x800'17a0         2     0x4  startup_stm32f103x6.o [3]
  .text              ro code   0x800'17a4         2     0x4  startup_stm32f103x6.o [3]
  .text              ro code   0x800'17a8         2     0x4  startup_stm32f103x6.o [3]
  .text              ro code   0x800'17ac         2     0x4  startup_stm32f103x6.o [3]
  .text              ro code   0x800'17b0         2     0x4  startup_stm32f103x6.o [3]
  .text              ro code   0x800'17b4         2     0x4  startup_stm32f103x6.o [3]
  .text              ro code   0x800'17b8         2     0x4  startup_stm32f103x6.o [3]
  .text              ro code   0x800'17bc         2     0x4  startup_stm32f103x6.o [3]
  .text              ro code   0x800'17c0         2     0x4  startup_stm32f103x6.o [3]
  .text              ro code   0x800'17c4         2     0x4  startup_stm32f103x6.o [3]
  .text              ro code   0x800'17c8         2     0x4  startup_stm32f103x6.o [3]
  .text              ro code   0x800'17cc         2     0x4  startup_stm32f103x6.o [3]
  .text              ro code   0x800'17d0         2     0x4  startup_stm32f103x6.o [3]
  .text              ro code   0x800'17d4         2     0x4  startup_stm32f103x6.o [3]
  .text              ro code   0x800'17d8         2     0x4  startup_stm32f103x6.o [3]
  .rodata            const     0x800'17dc               0x0  zero_init3.o [7]
  .rodata            const     0x800'17dc               0x0  copy_init3.o [7]
                             - 0x800'17dc            0x16f0

"P2", part 1 of 3:                                     0x14
  P2-1                        0x2000'0000         4    0x12  <Init block>
    .data            inited   0x2000'0000         4     0xc  stm32f1xx_hal.o [4]
    .data            inited   0x2000'000c         4     0x4  system_stm32f1xx.o [1]
    .data            inited   0x2000'0010         2     0x2  main.o [2]
                            - 0x2000'0012              0x12

"P2", part 2 of 3:                                     0x90
  .bss               zero     0x2000'0014         4    0x48  tim.o [2]
  .bss               zero     0x2000'005c         4    0x48  tim.o [2]
                            - 0x2000'00a4              0x90

"P2", part 3 of 3:                                    0x400
  CSTACK                      0x2000'00a8         8   0x400  <Block>
    CSTACK           uninit   0x2000'00a8             0x400  <Block tail>
                            - 0x2000'04a8             0x400

Unused ranges:

         From           To    Size
         ----           --    ----
   0x800'17dc   0x800'7fff  0x6824
  0x2000'00a4  0x2000'00a7     0x4
  0x2000'04a8  0x2000'27ff  0x2358


*******************************************************************************
*** INIT TABLE
***

          Address      Size
          -------      ----
Zero (__iar_zero_init3)
    1 destination range, total size 0x90:
          0x2000'0014  0x90

Copy (__iar_copy_init3)
    1 source range, total size 0x14 (111% of destination):
           0x800'1728  0x14
    1 destination range, total size 0x12:
          0x2000'0000  0x12



*******************************************************************************
*** MODULE SUMMARY
***

    Module                  ro code  ro data  rw data
    ------                  -------  -------  -------
command line/config:
    -------------------------------------------------
    Total:

C:\Users\user\Documents\freq_multiplyer_GAZ\EWARM\freq_multiplyer_GAZ\Obj\CMSIS_6603591812247902717.dir: [1]
    system_stm32f1xx.o           20        4        4
    -------------------------------------------------
    Total:                       20        4        4

C:\Users\user\Documents\freq_multiplyer_GAZ\EWARM\freq_multiplyer_GAZ\Obj\Core_13247989168731456611.dir: [2]
    gpio.o                      184
    main.o                      250        2        2
    stm32f1xx_hal_msp.o          64
    stm32f1xx_it.o               64
    tim.o                       384               144
    -------------------------------------------------
    Total:                      946        2      146

C:\Users\user\Documents\freq_multiplyer_GAZ\EWARM\freq_multiplyer_GAZ\Obj\EWARM_18443280873093131863.dir: [3]
    startup_stm32f103x6.o       396
    -------------------------------------------------
    Total:                      396

C:\Users\user\Documents\freq_multiplyer_GAZ\EWARM\freq_multiplyer_GAZ\Obj\STM32F1xx_HAL_Driver_9701002599162248031.dir: [4]
    stm32f1xx_hal.o             168       12       12
    stm32f1xx_hal_cortex.o      188
    stm32f1xx_hal_gpio.o        506
    stm32f1xx_hal_rcc.o       1'166
    stm32f1xx_hal_tim.o       1'636
    stm32f1xx_hal_tim_ex.o       92
    -------------------------------------------------
    Total:                    3'756       12       12

dl7M_tln.a: [5]
    exit.o                        4
    low_level_init.o              4
    -------------------------------------------------
    Total:                        8

m7M_tl.a: [6]
    DblDiv.o                    582
    DblToS32.o                   54
    U32ToDbl.o                   28
    -------------------------------------------------
    Total:                      664

rt7M_tl.a: [7]
    ABImemset_small.o            18
    cexit.o                      10
    cmain.o                      30
    copy_init3.o                 42
    cstartup_M.o                 28
    data_init.o                  42
    zero_init3.o                 56
    -------------------------------------------------
    Total:                      226

shb_l.a: [8]
    exit.o                       20
    -------------------------------------------------
    Total:                       20

    Gaps                         14        2
    Linker created                        38    1'024
-----------------------------------------------------
    Grand Total:              6'050       58    1'186


*******************************************************************************
*** ENTRY LIST
***

Entry                       Address   Size  Type      Object
-----                       -------   ----  ----      ------
.iar.init_table$$Base    0x800'168c          --   Gb  - Linker created -
.iar.init_table$$Limit   0x800'16b0          --   Gb  - Linker created -
?main                    0x800'16b1         Code  ??  cmain.o [7]
ADC1_2_IRQHandler        0x800'1791         Code  Wk  startup_stm32f103x6.o [3]
AHBPrescTable            0x800'1718   0x10  Data  ??  system_stm32f1xx.o [1]
BusFault_Handler         0x800'15df    0x2  Code  ??  stm32f1xx_it.o [2]
CAN1_RX1_IRQHandler      0x800'179d         Code  Wk  startup_stm32f103x6.o [3]
CAN1_SCE_IRQHandler      0x800'17a1         Code  Wk  startup_stm32f103x6.o [3]
CSTACK$$Base            0x2000'00a8          --   Gb  - Linker created -
CSTACK$$Limit           0x2000'04a8          --   ??  - Linker created -
DMA1_Channel1_IRQHandler
                         0x800'1775         Code  Wk  startup_stm32f103x6.o [3]
DMA1_Channel2_IRQHandler
                         0x800'1779         Code  Wk  startup_stm32f103x6.o [3]
DMA1_Channel3_IRQHandler
                         0x800'177d         Code  Wk  startup_stm32f103x6.o [3]
DMA1_Channel4_IRQHandler
                         0x800'1781         Code  Wk  startup_stm32f103x6.o [3]
DMA1_Channel5_IRQHandler
                         0x800'1785         Code  Wk  startup_stm32f103x6.o [3]
DMA1_Channel6_IRQHandler
                         0x800'1789         Code  Wk  startup_stm32f103x6.o [3]
DMA1_Channel7_IRQHandler
                         0x800'178d         Code  Wk  startup_stm32f103x6.o [3]
DebugMon_Handler         0x800'15e5    0x2  Code  ??  stm32f1xx_it.o [2]
EXTI0_IRQHandler         0x800'1765         Code  Wk  startup_stm32f103x6.o [3]
EXTI15_10_IRQHandler     0x800'17d1         Code  Wk  startup_stm32f103x6.o [3]
EXTI1_IRQHandler         0x800'1769         Code  Wk  startup_stm32f103x6.o [3]
EXTI2_IRQHandler         0x800'176d         Code  Wk  startup_stm32f103x6.o [3]
EXTI3_IRQHandler         0x800'1771         Code  Wk  startup_stm32f103x6.o [3]
EXTI4_IRQHandler         0x800'15ed   0x12  Code  ??  stm32f1xx_it.o [2]
EXTI9_5_IRQHandler       0x800'17a5         Code  Wk  startup_stm32f103x6.o [3]
Error_Handler            0x800'0a0b    0x4  Code  ??  main.o [2]
FLASH_IRQHandler         0x800'175d         Code  Wk  startup_stm32f103x6.o [3]
HAL_Delay                0x800'1095   0x28  Code  Wk  stm32f1xx_hal.o [4]
HAL_GPIO_EXTI_Callback   0x800'154b    0x2  Code  Wk  stm32f1xx_hal_gpio.o [4]
HAL_GPIO_EXTI_IRQHandler
                         0x800'0cd7   0x12  Code  ??  stm32f1xx_hal_gpio.o [4]
HAL_GPIO_Init            0x800'0b25  0x19a  Code  ??  stm32f1xx_hal_gpio.o [4]
HAL_GPIO_TogglePin       0x800'0cc7   0x10  Code  ??  stm32f1xx_hal_gpio.o [4]
HAL_GPIO_WritePin        0x800'0cbf    0x8  Code  ??  stm32f1xx_hal_gpio.o [4]
HAL_GetTick              0x800'15cd    0xc  Code  Wk  stm32f1xx_hal.o [4]
HAL_IncTick              0x800'1619   0x10  Code  Wk  stm32f1xx_hal.o [4]
HAL_Init                 0x800'0d1d   0x20  Code  ??  stm32f1xx_hal.o [4]
HAL_InitTick             0x800'154d   0x40  Code  Wk  stm32f1xx_hal.o [4]
HAL_MspInit              0x800'158d   0x40  Code  ??  stm32f1xx_hal_msp.o [2]
HAL_NVIC_EnableIRQ       0x800'0ad5   0x16  Code  ??  stm32f1xx_hal_cortex.o [4]
HAL_NVIC_SetPriority     0x800'0a97   0x3e  Code  ??  stm32f1xx_hal_cortex.o [4]
HAL_NVIC_SetPriorityGrouping
                         0x800'0a83   0x14  Code  ??  stm32f1xx_hal_cortex.o [4]
HAL_RCC_ClockConfig      0x800'13bf  0x116  Code  ??  stm32f1xx_hal_rcc.o [4]
HAL_RCC_GetSysClockFreq
                         0x800'14d5   0x38  Code  ??  stm32f1xx_hal_rcc.o [4]
HAL_RCC_GetSysClockFreq::aPLLMULFactorTable
                         0x800'1538   0x10  Data  Lc  stm32f1xx_hal_rcc.o [4]
HAL_RCC_GetSysClockFreq::aPredivFactorTable
                         0x800'1548    0x2  Data  Lc  stm32f1xx_hal_rcc.o [4]
HAL_RCC_OscConfig        0x800'10bd  0x2fa  Code  ??  stm32f1xx_hal_rcc.o [4]
HAL_SYSTICK_Config       0x800'0aeb   0x22  Code  ??  stm32f1xx_hal_cortex.o [4]
HAL_TIMEx_BreakCallback
                         0x800'08f7    0x2  Code  Wk  stm32f1xx_hal_tim_ex.o [4]
HAL_TIMEx_CommutCallback
                         0x800'08fb    0x2  Code  Wk  stm32f1xx_hal_tim_ex.o [4]
HAL_TIMEx_MasterConfigSynchronization
                         0x800'0a11   0x4e  Code  ??  stm32f1xx_hal_tim_ex.o [4]
HAL_TIM_Base_Init        0x800'00ed   0x1a  Code  ??  stm32f1xx_hal_tim.o [4]
HAL_TIM_Base_MspInit     0x800'0841   0x34  Code  ??  tim.o [2]
HAL_TIM_Base_Start_IT    0x800'0107   0x30  Code  ??  stm32f1xx_hal_tim.o [4]
HAL_TIM_ConfigClockSource
                         0x800'046b   0xac  Code  ??  stm32f1xx_hal_tim.o [4]
HAL_TIM_IC_CaptureCallback
                         0x800'08f1    0x2  Code  Wk  stm32f1xx_hal_tim.o [4]
HAL_TIM_IRQHandler       0x800'0255  0x142  Code  ??  stm32f1xx_hal_tim.o [4]
HAL_TIM_MspPostInit      0x800'0897   0x40  Code  ??  tim.o [2]
HAL_TIM_OC_DelayElapsedCallback
                         0x800'08f3    0x2  Code  Wk  stm32f1xx_hal_tim.o [4]
HAL_TIM_PWM_ConfigChannel
                         0x800'03a7   0xb6  Code  ??  stm32f1xx_hal_tim.o [4]
HAL_TIM_PWM_Init         0x800'0189   0x1a  Code  ??  stm32f1xx_hal_tim.o [4]
HAL_TIM_PWM_MspInit      0x800'0875   0x22  Code  ??  tim.o [2]
HAL_TIM_PWM_PulseFinishedCallback
                         0x800'08fd    0x2  Code  Wk  stm32f1xx_hal_tim.o [4]
HAL_TIM_PWM_Start        0x800'01b3   0x5c  Code  ??  stm32f1xx_hal_tim.o [4]
HAL_TIM_PeriodElapsedCallback
                         0x800'08f5    0x2  Code  Wk  stm32f1xx_hal_tim.o [4]
HAL_TIM_TriggerCallback
                         0x800'08f9    0x2  Code  Wk  stm32f1xx_hal_tim.o [4]
HardFault_Handler        0x800'15db    0x2  Code  ??  stm32f1xx_it.o [2]
I2C1_ER_IRQHandler       0x800'17c1         Code  Wk  startup_stm32f103x6.o [3]
I2C1_EV_IRQHandler       0x800'17bd         Code  Wk  startup_stm32f103x6.o [3]
MX_GPIO_Init             0x800'0d41   0xb8  Code  ??  gpio.o [2]
MX_TIM2_Init             0x800'0771   0x5a  Code  ??  tim.o [2]
MX_TIM3_Init             0x800'07cb   0x68  Code  ??  tim.o [2]
MemManage_Handler        0x800'15dd    0x2  Code  ??  stm32f1xx_it.o [2]
NMI_Handler              0x800'15d9    0x2  Code  ??  stm32f1xx_it.o [2]
PVD_IRQHandler           0x800'1751         Code  Wk  startup_stm32f103x6.o [3]
PendSV_Handler           0x800'15e7    0x2  Code  ??  stm32f1xx_it.o [2]
RCC_IRQHandler           0x800'1761         Code  Wk  startup_stm32f103x6.o [3]
RTC_Alarm_IRQHandler     0x800'17d5         Code  Wk  startup_stm32f103x6.o [3]
RTC_IRQHandler           0x800'1759         Code  Wk  startup_stm32f103x6.o [3]
Region$$Table$$Base      0x800'168c          --   ??  - Linker created -
Region$$Table$$Limit     0x800'16b0          --   ??  - Linker created -
Reset_Handler            0x800'173d         Code  Wk  startup_stm32f103x6.o [3]
SPI1_IRQHandler          0x800'17c5         Code  Wk  startup_stm32f103x6.o [3]
SVC_Handler              0x800'15e3    0x2  Code  ??  stm32f1xx_it.o [2]
SysTick_Handler          0x800'15e9    0x4  Code  ??  stm32f1xx_it.o [2]
SystemClock_Config       0x800'09a1   0x6a  Code  ??  main.o [2]
SystemCoreClock         0x2000'000c    0x4  Data  ??  system_stm32f1xx.o [1]
SystemInit               0x800'1715    0x2  Code  ??  system_stm32f1xx.o [1]
TAMPER_IRQHandler        0x800'1755         Code  Wk  startup_stm32f103x6.o [3]
TIM1_BRK_IRQHandler      0x800'17a9         Code  Wk  startup_stm32f103x6.o [3]
TIM1_CC_IRQHandler       0x800'17b5         Code  Wk  startup_stm32f103x6.o [3]
TIM1_TRG_COM_IRQHandler
                         0x800'17b1         Code  Wk  startup_stm32f103x6.o [3]
TIM1_UP_IRQHandler       0x800'17ad         Code  Wk  startup_stm32f103x6.o [3]
TIM2_IRQHandler          0x800'15ff    0xe  Code  ??  stm32f1xx_it.o [2]
TIM3_IRQHandler          0x800'17b9         Code  Wk  startup_stm32f103x6.o [3]
TIM_Base_SetConfig       0x800'0529   0x54  Code  ??  stm32f1xx_hal_tim.o [4]
TIM_CCxChannelCmd        0x800'072b   0x1c  Code  ??  stm32f1xx_hal_tim.o [4]
TIM_ETR_SetConfig        0x800'0717   0x14  Code  ??  stm32f1xx_hal_tim.o [4]
TIM_ITRx_SetConfig       0x800'0707   0x10  Code  Lc  stm32f1xx_hal_tim.o [4]
TIM_OC1_SetConfig        0x800'057d   0x44  Code  Lc  stm32f1xx_hal_tim.o [4]
TIM_OC2_SetConfig        0x800'05c1   0x52  Code  ??  stm32f1xx_hal_tim.o [4]
TIM_OC3_SetConfig        0x800'0613   0x50  Code  Lc  stm32f1xx_hal_tim.o [4]
TIM_OC4_SetConfig        0x800'0663   0x40  Code  Lc  stm32f1xx_hal_tim.o [4]
TIM_TI1_ConfigInputStage
                         0x800'06c1   0x22  Code  Lc  stm32f1xx_hal_tim.o [4]
TIM_TI2_ConfigInputStage
                         0x800'06e3   0x24  Code  Lc  stm32f1xx_hal_tim.o [4]
USART1_IRQHandler        0x800'17c9         Code  Wk  startup_stm32f103x6.o [3]
USART2_IRQHandler        0x800'17cd         Code  Wk  startup_stm32f103x6.o [3]
USBWakeUp_IRQHandler     0x800'17d9         Code  Wk  startup_stm32f103x6.o [3]
USB_HP_CAN1_TX_IRQHandler
                         0x800'1795         Code  Wk  startup_stm32f103x6.o [3]
USB_LP_CAN1_RX0_IRQHandler
                         0x800'1799         Code  Wk  startup_stm32f103x6.o [3]
UsageFault_Handler       0x800'15e1    0x2  Code  ??  stm32f1xx_it.o [2]
WWDG_IRQHandler          0x800'174d         Code  Wk  startup_stm32f103x6.o [3]
__NVIC_SetPriority       0x800'0a69   0x1a  Code  Lc  stm32f1xx_hal_cortex.o [4]
__aeabi_d2iz             0x800'105d         Code  ??  DblToS32.o [6]
__aeabi_ddiv             0x800'0e15         Code  ??  DblDiv.o [6]
__aeabi_ui2d             0x800'0df9         Code  ??  U32ToDbl.o [6]
__cmain                  0x800'16b1         Code  ??  cmain.o [7]
__exit                   0x800'16e5   0x14  Code  ??  exit.o [8]
__iar_copy_init3         0x800'0747   0x2a  Code  ??  copy_init3.o [7]
__iar_data_init3         0x800'1661   0x18  Code  ??  data_init.o [7]
__iar_program_start      0x800'16f9         Code  ??  cstartup_M.o [7]
__iar_small_Memset       0x800'0901         Code  ??  ABImemset_small.o [7]
__iar_small_Memset_word
                         0x800'0901         Code  ??  ABImemset_small.o [7]
__iar_small_memset       0x800'0901         Code  ??  ABImemset_small.o [7]
__iar_zero_init3         0x800'1629   0x38  Code  ??  zero_init3.o [7]
__low_level_init         0x800'16cf    0x4  Code  ??  low_level_init.o [5]
__vector_table           0x800'0000         Data  ??  startup_stm32f103x6.o [3]
_call_main               0x800'16bd         Code  ??  cmain.o [7]
_exit                    0x800'16d9         Code  ??  cexit.o [7]
current_tim             0x2000'0010    0x2  Data  ??  main.o [2]
exit                     0x800'16d3    0x4  Code  ??  exit.o [5]
htim2                   0x2000'0014   0x48  Data  ??  tim.o [2]
htim3                   0x2000'005c   0x48  Data  ??  tim.o [2]
main                     0x800'0915   0x74  Code  ??  main.o [2]
uwTick                  0x2000'0004    0x4  Data  ??  stm32f1xx_hal.o [4]
uwTickFreq              0x2000'0000    0x1  Data  ??  stm32f1xx_hal.o [4]
uwTickPrio              0x2000'0008    0x4  Data  ??  stm32f1xx_hal.o [4]


[1] = C:\Users\user\Documents\freq_multiplyer_GAZ\EWARM\freq_multiplyer_GAZ\Obj\CMSIS_6603591812247902717.dir
[2] = C:\Users\user\Documents\freq_multiplyer_GAZ\EWARM\freq_multiplyer_GAZ\Obj\Core_13247989168731456611.dir
[3] = C:\Users\user\Documents\freq_multiplyer_GAZ\EWARM\freq_multiplyer_GAZ\Obj\EWARM_18443280873093131863.dir
[4] = C:\Users\user\Documents\freq_multiplyer_GAZ\EWARM\freq_multiplyer_GAZ\Obj\STM32F1xx_HAL_Driver_9701002599162248031.dir
[5] = dl7M_tln.a
[6] = m7M_tl.a
[7] = rt7M_tl.a
[8] = shb_l.a

  6'050 bytes of readonly  code memory
     58 bytes of readonly  data memory
  1'186 bytes of readwrite data memory

Errors: none
Warnings: none
